###############################################################################
#
# IAR ANSI C/C++ Compiler V7.40.3.8902/W32 for ARM        04/Nov/2019  20:05:20
# Copyright 1999-2015 IAR Systems AB.
#
#    Cpu mode     =  thumb
#    Endian       =  little
#    Source file  =  D:\Study\car\myFirstCar\myFirstCar_fourWheel\app\init.c
#    Command line =  
#        D:\Study\car\myFirstCar\myFirstCar_fourWheel\app\init.c -D LPLD_K60 -D
#        USE_K60DZ10 -lCN
#        D:\Study\car\myFirstCar\myFirstCar_fourWheel\iar\RAM\List\ -lB
#        D:\Study\car\myFirstCar\myFirstCar_fourWheel\iar\RAM\List\ -o
#        D:\Study\car\myFirstCar\myFirstCar_fourWheel\iar\RAM\Obj\ --no_cse
#        --no_unroll --no_inline --no_code_motion --no_tbaa --no_clustering
#        --no_scheduling --debug --endian=little --cpu=Cortex-M4 -e --fpu=None
#        --dlib_config "D:\Study Software\arm\INC\c\DLib_Config_Normal.h" -I
#        D:\Study\car\myFirstCar\myFirstCar_fourWheel\iar\..\app\ -I
#        D:\Study\car\myFirstCar\myFirstCar_fourWheel\iar\..\..\..\lib\CPU\ -I
#        D:\Study\car\myFirstCar\myFirstCar_fourWheel\iar\..\..\..\lib\common\
#        -I D:\Study\car\myFirstCar\myFirstCar_fourWheel\iar\..\..\..\lib\LPLD\
#        -I
#        D:\Study\car\myFirstCar\myFirstCar_fourWheel\iar\..\..\..\lib\LPLD\HW\
#        -I
#        D:\Study\car\myFirstCar\myFirstCar_fourWheel\iar\..\..\..\lib\LPLD\DEV\
#        -I
#        D:\Study\car\myFirstCar\myFirstCar_fourWheel\iar\..\..\..\lib\LPLD\FUNC\
#        -I
#        D:\Study\car\myFirstCar\myFirstCar_fourWheel\iar\..\..\..\lib\uCOS-II\Ports\
#        -I
#        D:\Study\car\myFirstCar\myFirstCar_fourWheel\iar\..\..\..\lib\uCOS-II\Source\
#        -I
#        D:\Study\car\myFirstCar\myFirstCar_fourWheel\iar\..\..\..\lib\FatFs\
#        -I
#        D:\Study\car\myFirstCar\myFirstCar_fourWheel\iar\..\..\..\lib\FatFs\option\
#        -I
#        D:\Study\car\myFirstCar\myFirstCar_fourWheel\iar\..\..\..\lib\USB\common\
#        -I
#        D:\Study\car\myFirstCar\myFirstCar_fourWheel\iar\..\..\..\lib\USB\driver\
#        -I
#        D:\Study\car\myFirstCar\myFirstCar_fourWheel\iar\..\..\..\lib\USB\descriptor\
#        -I
#        D:\Study\car\myFirstCar\myFirstCar_fourWheel\iar\..\..\..\lib\USB\class\
#        -Ol -I "D:\Study Software\arm\CMSIS\Include\" -D ARM_MATH_CM4
#    List file    =  
#        D:\Study\car\myFirstCar\myFirstCar_fourWheel\iar\RAM\List\init.lst
#    Object file  =  
#        D:\Study\car\myFirstCar\myFirstCar_fourWheel\iar\RAM\Obj\init.o
#
###############################################################################

D:\Study\car\myFirstCar\myFirstCar_fourWheel\app\init.c
      1          #include "include.h"
      2          
      3          /********************对车内所有部件进行初始化********************/

   \                                 In section .text, align 2, keep-with-next
      4          void init(void)
      5          {
   \                     init: (+1)
   \   00000000   0xB580             PUSH     {R7,LR}
      6              uart_init();
   \   00000002   0x.... 0x....      BL       uart_init
      7          }
   \   00000006   0xBD01             POP      {R0,PC}          ;; return
      8          
      9          /********************对串口通信进行初始化********************/

   \                                 In section .bss, align 4
     10          UART_InitTypeDef uart_init_struct;
   \                     uart_init_struct:
   \   00000000                      DS8 28
     11          //有线串口通信初始化函数

   \                                 In section .text, align 2, keep-with-next
     12          void uart_init(void)
     13          {
   \                     uart_init: (+1)
   \   00000000   0xB5E0             PUSH     {R5-R7,LR}
     14              uart_init_struct.UART_Uartx = UART4;      //端口
   \   00000002   0x....             LDR.N    R0,??DataTable0  ;; 0x400ea000
   \   00000004   0x....             LDR.N    R1,??DataTable0_1
   \   00000006   0x6008             STR      R0,[R1, #+0]
     15              uart_init_struct.UART_BaudRate = 115200;  //波特率
   \   00000008   0xF45F 0x30E1      MOVS     R0,#+115200
   \   0000000C   0x....             LDR.N    R1,??DataTable0_1
   \   0000000E   0x6048             STR      R0,[R1, #+4]
     16              uart_init_struct.UART_RxPin = PTE25;      //Rx引脚
   \   00000010   0x2095             MOVS     R0,#+149
   \   00000012   0x....             LDR.N    R1,??DataTable0_1
   \   00000014   0x7248             STRB     R0,[R1, #+9]
     17              uart_init_struct.UART_TxPin = PTE24;      //Tx引脚
   \   00000016   0x2094             MOVS     R0,#+148
   \   00000018   0x....             LDR.N    R1,??DataTable0_1
   \   0000001A   0x7208             STRB     R0,[R1, #+8]
     18              uart_init_struct.UART_RxIntEnable = TRUE; //使能接收中断
   \   0000001C   0x2001             MOVS     R0,#+1
   \   0000001E   0x....             LDR.N    R1,??DataTable0_1
   \   00000020   0x7288             STRB     R0,[R1, #+10]
     19              uart_init_struct.UART_RxIsr = uartIsr;    //设置接收中断函数
   \   00000022   0x....             LDR.N    R0,??DataTable0_2
   \   00000024   0x....             LDR.N    R1,??DataTable0_1
   \   00000026   0x6148             STR      R0,[R1, #+20]
     20              LPLD_UART_Init(uart_init_struct);         //初始化
   \   00000028   0x....             LDR.N    R1,??DataTable0_1
   \   0000002A   0xB084             SUB      SP,SP,#+16
   \   0000002C   0x4668             MOV      R0,SP
   \   0000002E   0x221C             MOVS     R2,#+28
   \   00000030   0x.... 0x....      BL       __aeabi_memcpy4
   \   00000034   0xBC0F             POP      {R0-R3}
   \   00000036   0x.... 0x....      BL       LPLD_UART_Init
     21              LPLD_UART_EnableIrq(uart_init_struct);    //中断使能
   \   0000003A   0x....             LDR.N    R1,??DataTable0_1
   \   0000003C   0xB084             SUB      SP,SP,#+16
   \   0000003E   0x4668             MOV      R0,SP
   \   00000040   0x221C             MOVS     R2,#+28
   \   00000042   0x.... 0x....      BL       __aeabi_memcpy4
   \   00000046   0xBC0F             POP      {R0-R3}
   \   00000048   0x.... 0x....      BL       LPLD_UART_EnableIrq
     22          }
   \   0000004C   0xBD07             POP      {R0-R2,PC}       ;; return

   \                                 In section .text, align 4, keep-with-next
   \                     ??DataTable0:
   \   00000000   0x400EA000         DC32     0x400ea000

   \                                 In section .text, align 4, keep-with-next
   \                     ??DataTable0_1:
   \   00000000   0x........         DC32     uart_init_struct

   \                                 In section .text, align 4, keep-with-next
   \                     ??DataTable0_2:
   \   00000000   0x........         DC32     uartIsr

   Maximum stack usage in bytes:

   .cstack Function
   ------- --------
       8   init
         8   -> uart_init
      32   uart_init
        16   -> LPLD_UART_EnableIrq
        16   -> LPLD_UART_Init
        32   -> __aeabi_memcpy4


   Section sizes:

   Bytes  Function/Label
   -----  --------------
       4  ??DataTable0
       4  ??DataTable0_1
       4  ??DataTable0_2
       8  init
      78  uart_init
      28  uart_init_struct

 
 28 bytes in section .bss
 98 bytes in section .text
 
 98 bytes of CODE memory
 28 bytes of DATA memory

Errors: none
Warnings: none
